config:
  name: defualt
  help: defualt
  labels: null
  metaLabels: null
  overQuota: false
appConfig:
  name: app
  help: app
  labels:
    key1: value1
    key2: value2
  metaLabels:
    key1: value1
    key2: value2
  overQuota: true
  appName: myApp
