JohnDoe:
  firstName: John
  lastName: Doe
  fullName: Doe Jon
  tags:
  - '234'
  school: null
