patchlist:
- 1
- 2
data: 1
person_alice:
  name: Alice
  list:
  - 1
  - 2
  - 6
  val: 1
