person: john
---
gender: boy
meta:
  name: john
  age: -1
