alice:
  name:
    firstName: John
    lastName: Dow
  gender: female