alice:
  name:
    first: aa
    last: value
    age: 3
