var: 1
list_data:
- 1
dict_data:
  key1: value1
  key2: value2
