gender: girl
meta:
  name: alice
  age: 10
---
gender: boy
meta:
  name: john
  age: -1
