group:
  nums:
  - id: '000'
    num: 0
    title: A
  - id: '001'
    num: 1
    description: A_000
    title: B
