data:
  alice:
    name:
      first: aa
      last: value
      age: 2
