JohnDoe:
  name:
    firstName: John
    lastName: Dow
  age: 18
  info:
    card: '123'
    phoneNum: '123'